-=-=-=-=-=-=-=-=-=-=-=-=-=-=-=-=-=-=-=-=-=-=-=-=-=-=-=-=-=-
        Proposed layout for Darkwood Forest
        Zincarla@ShadowGate
        04/11/95
-=-=-=-=-=-=-=-=-=-=-=-=-=-=-=-=-=-=-=-=-=-=-=-=-=-=-=-=-=-

            City  
              |
              R              Legend:    R  = Royal Road
              |                         S  = Stream
              R                         F  = Forest Paths
              |                         DL = Darklake
              R                         OT = Ogre Temple
              |                         T  = Darkwood Tower
              R
              |
              R
             /
            R           F--F--F--F
            |         /        /   \
            R--F--F--F     F--F     F
            |    \   |     | \    /
            R     F--F     F--F--F
            |   /    | \      |DL| \
            R--F     F  OT    F--S--F
            |  |     |           |  |
            R--F     S--S--S  T  S  F
            |   \   /        \ /    |
            R     D           S--F--F
            |
            R
             \
              R--R
